2026-08-06 10:55:45,274 | INFO | User Request: I need music for studying and concentration.
2026-08-06 10:55:45,278 | INFO | Preferences: {'genre': 'lofi', 'mood': 'focused', 'energy': 0.4, 'likes_acoustic': True}
2026-08-06 10:55:45,278 | INFO | Retrieved Context: Lofi music is commonly recommended for studying because it minimizes distractions and maintains a calm atmosphere. Classical music is often effective for reading, writing, and concentration.
2026-08-06 10:55:45,279 | INFO | User Request: I need energetic music for a workout.
2026-08-06 10:55:45,279 | INFO | Preferences: {'genre': 'pop', 'mood': 'intense', 'energy': 0.9, 'likes_acoustic': False}
2026-08-06 10:55:45,279 | INFO | Retrieved Context: High-energy pop music can improve motivation during exercise. Rock music with high energy is frequently used for strength training and running.
2026-08-06 10:55:45,280 | INFO | User Request: I want relaxing music after work.
2026-08-06 10:55:45,280 | INFO | Preferences: {'genre': 'jazz', 'mood': 'relaxed', 'energy': 0.35, 'likes_acoustic': True}
2026-08-06 10:55:45,280 | INFO | Retrieved Context: Acoustic songs help create a relaxing environment after work. Soft jazz is often recommended for reducing stress.
2026-08-06 11:29:47,457 | INFO | User Request: I need music for studying and concentration.
2026-08-06 11:29:47,460 | INFO | Preferences: {'genre': 'lofi', 'mood': 'focused', 'energy': 0.4, 'likes_acoustic': True}
2026-08-06 11:29:47,460 | INFO | Retrieved Context: Lofi music is commonly recommended for studying because it minimizes distractions and maintains a calm atmosphere. Classical music is often effective for reading, writing, and concentration.
2026-08-06 11:29:47,464 | INFO | User Request: I need energetic music for a workout.
2026-08-06 11:29:47,464 | INFO | Preferences: {'genre': 'pop', 'mood': 'intense', 'energy': 0.9, 'likes_acoustic': False}
2026-08-06 11:29:47,465 | INFO | Retrieved Context: High-energy pop music can improve motivation during exercise. Rock music with high energy is frequently used for strength training and running.
2026-08-06 11:29:47,466 | INFO | User Request: I want relaxing music after work.
2026-08-06 11:29:47,466 | INFO | Preferences: {'genre': 'jazz', 'mood': 'relaxed', 'energy': 0.35, 'likes_acoustic': True}
2026-08-06 11:29:47,466 | INFO | Retrieved Context: Acoustic songs help create a relaxing environment after work. Soft jazz is often recommended for reducing stress.
2026-08-06 11:31:17,581 | INFO | User Request: I need music for studying and concentration.
2026-08-06 11:31:17,582 | INFO | Preferences: {'genre': 'lofi', 'mood': 'focused', 'energy': 0.4, 'likes_acoustic': True}
2026-08-06 11:31:17,582 | INFO | Retrieved Context: Lofi music is commonly recommended for studying because it minimizes distractions and maintains a calm atmosphere. Classical music is often effective for reading, writing, and concentration.
2026-08-06 11:31:17,582 | INFO | User Request: I need energetic music for a workout.
2026-08-06 11:31:17,583 | INFO | Preferences: {'genre': 'pop', 'mood': 'intense', 'energy': 0.9, 'likes_acoustic': False}
2026-08-06 11:31:17,583 | INFO | Retrieved Context: High-energy pop music can improve motivation during exercise. Rock music with high energy is frequently used for strength training and running.
2026-08-06 11:31:17,586 | INFO | User Request: I want relaxing music after work.
2026-08-06 11:31:17,586 | INFO | Preferences: {'genre': 'jazz', 'mood': 'relaxed', 'energy': 0.35, 'likes_acoustic': True}
2026-08-06 11:31:17,586 | INFO | Retrieved Context: Acoustic songs help create a relaxing environment after work. Soft jazz is often recommended for reducing stress.
2026-08-06 11:43:02,422 | INFO | User Request: I need music for studying and concentration.
2026-08-06 11:43:02,423 | INFO | Preferences: {'genre': 'lofi', 'mood': 'focused', 'energy': 0.4, 'likes_acoustic': True}
2026-08-06 11:43:02,423 | INFO | Retrieved Context: Lofi music is commonly recommended for studying because it minimizes distractions and maintains a calm atmosphere. Classical music is often effective for reading, writing, and concentration.
2026-08-06 11:43:02,452 | INFO | User Request: I need energetic music for a workout.
2026-08-06 11:43:02,452 | INFO | Preferences: {'genre': 'pop', 'mood': 'intense', 'energy': 0.9, 'likes_acoustic': False}
2026-08-06 11:43:02,453 | INFO | Retrieved Context: High-energy pop music can improve motivation during exercise. Rock music with high energy is frequently used for strength training and running.
2026-08-06 11:43:02,456 | INFO | User Request: I want relaxing music after work.
2026-08-06 11:43:02,456 | INFO | Preferences: {'genre': 'jazz', 'mood': 'relaxed', 'energy': 0.35, 'likes_acoustic': True}
2026-08-06 11:43:02,456 | INFO | Retrieved Context: Acoustic songs help create a relaxing environment after work. Soft jazz is often recommended for reducing stress.
